Archive member included because of file (symbol)

contiki-sky.a(contiki-sky-pla)
                              obj_sky/contiki-sky-main.o (init_platform)
contiki-sky.a(button-sensor.o)
                              contiki-sky.a(contiki-sky-pla) (button_sensor)
contiki-sky.a(ds2411.o)       obj_sky/contiki-sky-main.o (ds2411_init)
contiki-sky.a(xmem.o)         obj_sky/contiki-sky-main.o (xmem_init)
contiki-sky.a(node-id.o)      obj_sky/contiki-sky-main.o (node_id_restore)
contiki-sky.a(sensors.o)      contiki-sky.a(button-sensor.o) (sensors_changed)
contiki-sky.a(cc2420.o)       obj_sky/contiki-sky-main.o (cc2420_set_pan_addr)
contiki-sky.a(cc2420-arch.o)  contiki-sky.a(cc2420.o) (cc2420_arch_init)
contiki-sky.a(uart1.o)        obj_sky/contiki-sky-main.o (uart1_active)
contiki-sky.a(uart1-putchar.o)
                              obj_sky/contiki-sky-main.o (putchar)
contiki-sky.a(msp430.o)       contiki-sky.a(uart1.o) (msp430_add_lpm_req)
contiki-sky.a(clock.o)        obj_sky/contiki-sky-main.o (clock_init)
contiki-sky.a(leds.o)         obj_sky/contiki-sky-main.o (leds_init)
contiki-sky.a(leds-arch.o)    contiki-sky.a(leds.o) (leds_arch_init)
contiki-sky.a(watchdog.o)     obj_sky/contiki-sky-main.o (watchdog_start)
contiki-sky.a(rtimer-arch.o)  obj_sky/contiki-sky-main.o (rtimer_arch_now)
contiki-sky.a(autostart.o)    obj_sky/contiki-sky-main.o (autostart_start)
contiki-sky.a(ctimer.o)       obj_sky/contiki-sky-main.o (ctimer_init)
contiki-sky.a(energest.o)     obj_sky/contiki-sky-main.o (energest_init)
contiki-sky.a(etimer.o)       contiki-sky.a(clock.o) (etimer_request_poll)
contiki-sky.a(process.o)      contiki-sky.a(ctimer.o) (process_current)
contiki-sky.a(rtimer.o)       obj_sky/contiki-sky-main.o (rtimer_init)
contiki-sky.a(timer.o)        obj_sky/contiki-sky-main.o (timer_set)
contiki-sky.a(serial-line.o)  obj_sky/contiki-sky-main.o (serial_line_input_byte)
contiki-sky.a(list.o)         contiki-sky.a(ctimer.o) (list_init)
contiki-sky.a(random.o)       obj_sky/contiki-sky-main.o (random_init)
contiki-sky.a(ringbuf.o)      contiki-sky.a(serial-line.o) (ringbuf_init)
contiki-sky.a(broadcast.o)    example-broadcast.co (broadcast_open)
contiki-sky.a(channel.o)      contiki-sky.a(broadcast.o) (channel_set_attributes)
contiki-sky.a(rime.o)         obj_sky/contiki-sky-main.o (rime_driver)
contiki-sky.a(unicast.o)      example-broadcast.co (unicast_open)
contiki-sky.a(csma.o)         obj_sky/contiki-sky-main.o (csma_driver)
contiki-sky.a(mac.o)          contiki-sky.a(csma.o) (mac_call_sent_callback)
contiki-sky.a(linkaddr.o)     obj_sky/contiki-sky-main.o (linkaddr_copy)
contiki-sky.a(packetbuf.o)    contiki-sky.a(rime.o) (packetbuf_compact)
contiki-sky.a(queuebuf.o)     contiki-sky.a(rime.o) (queuebuf_init)
contiki-sky.a(contikimac.o)   obj_sky/contiki-sky-main.o (contikimac_driver)
contiki-sky.a(contikimac-fram)
                              contiki-sky.a(contikimac.o) (contikimac_framer)
contiki-sky.a(nullsec.o)      obj_sky/contiki-sky-main.o (nullsec_driver)
contiki-sky.a(spi.o)          contiki-sky.a(xmem.o) (spi_init)
contiki-sky.a(compower.o)     contiki-sky.a(contikimac.o) (compower_accumulate)
contiki-sky.a(memb.o)         contiki-sky.a(csma.o) (memb_init)
contiki-sky.a(abc.o)          contiki-sky.a(broadcast.o) (abc_open)
contiki-sky.a(announcement.o)
                              contiki-sky.a(rime.o) (announcement_init)
contiki-sky.a(broadcast-annou)
                              contiki-sky.a(rime.o) (broadcast_announcement_init)
contiki-sky.a(chameleon.o)    contiki-sky.a(rime.o) (chameleon_init)
contiki-sky.a(framer-802154.o)
                              contiki-sky.a(contikimac-fram) (framer_802154)
contiki-sky.a(framer.o)       contiki-sky.a(framer-802154.o) (framer_canonical_create_and_secure)
contiki-sky.a(mac-sequence.o)
                              contiki-sky.a(contikimac.o) (mac_sequence_is_duplicate)
contiki-sky.a(chameleon-bitop)
                              contiki-sky.a(chameleon.o) (chameleon_bitopt)
contiki-sky.a(frame802154.o)  contiki-sky.a(framer-802154.o) (frame802154_hdrlen)
/usr/lib/gcc/msp430/4.6.3/mmpy-16/libgcc.a(_mulsi3.o)
                              contiki-sky.a(csma.o) (__mulsi3)
/usr/lib/gcc/msp430/4.6.3/mmpy-16/libgcc.a(_udivmod32.o)
                              obj_sky/contiki-sky-main.o (__udivsi3)
/usr/lib/gcc/msp430/4.6.3/../../../../msp430/lib/mmpy-16/libc.a(strncmp.o)
                              contiki-sky.a(sensors.o) (strncmp)
/usr/lib/gcc/msp430/4.6.3/../../../../msp430/lib/mmpy-16/libc.a(memcmp.o)
                              contiki-sky.a(linkaddr.o) (memcmp)
/usr/lib/gcc/msp430/4.6.3/../../../../msp430/lib/mmpy-16/libc.a(memcpy.o)
                              contiki-sky.a(packetbuf.o) (memcpy)
/usr/lib/gcc/msp430/4.6.3/../../../../msp430/lib/mmpy-16/libc.a(memset.o)
                              example-broadcast.co (memset)
/usr/lib/gcc/msp430/4.6.3/../../../../msp430/lib/mmpy-16/libc.a(printf.o)
[...]
Memory Configuration

Name             Origin             Length             Attributes
sfr              0x00000000         0x00000010
peripheral_8bit  0x00000010         0x000000f0
peripheral_16bit 0x00000100         0x00000100
ram_mirror       0x00000200         0x00000800         xw
infomem          0x00001000         0x00000100
infob            0x00001000         0x00000080
infoa            0x00001080         0x00000080
ram              0x00001100         0x00002800         xw
rom              0x00004000         0x0000bfe0         xr
vectors          0x0000ffe0         0x00000020
bsl              0x00000000         0x00000000
infoc            0x00000000         0x00000000
infod            0x00000000         0x00000000
ram2             0x00000000         0x00000000         xw
usbram           0x00000000         0x00000000         xw
far_rom          0x00000000         0x00000000
*default*        0x00000000         0xffffffff

Linker script and memory map

LOAD /usr/lib/gcc/msp430/4.6.3/mmpy-16/crt0ivtbl16.o
LOAD example-broadcast.co
LOAD obj_sky/contiki-sky-main.o
LOAD contiki-sky.a
LOAD /usr/lib/gcc/msp430/4.6.3/mmpy-16/libgcc.a
LOAD /usr/lib/gcc/msp430/4.6.3/../../../../msp430/lib/mmpy-16/libc.a
LOAD /usr/lib/gcc/msp430/4.6.3/mmpy-16/libgcc.a
LOAD /usr/lib/gcc/msp430/4.6.3/mmpy-16/libcrt0.a
                0x00000080                PROVIDE (__info_segment_size, 0x80)
                0x00001000                PROVIDE (__infob, 0x1000)
                0x00001080                PROVIDE (__infoa, 0x1080)
                0x00000000                __IE1 = 0x0
                0x00000002                __IFG1 = 0x2
                0x00000004                __ME1 = 0x4
                0x00000001                __IE2 = 0x1
                0x00000003                __IFG2 = 0x3
                0x00000005                __ME2 = 0x5
                0x00000120                __WDTCTL = 0x120
                0x00000130                __MPY = 0x130
                0x00000132                __MPYS = 0x132
                0x00000134                __MAC = 0x134
                0x00000136                __MACS = 0x136
                0x00000138                __OP2 = 0x138
                0x0000013a                __RESLO = 0x13a
                0x0000013c                __RESHI = 0x13c
                0x0000013e                __SUMEXT = 0x13e
                0x00000020                __P1IN = 0x20
                0x00000021                __P1OUT = 0x21
                0x00000022                __P1DIR = 0x22
                0x00000023                __P1IFG = 0x23
                0x00000024                __P1IES = 0x24
                0x00000025                __P1IE = 0x25
                0x00000026                __P1SEL = 0x26
                0x00000028                __P2IN = 0x28
                0x00000029                __P2OUT = 0x29
                0x0000002a                __P2DIR = 0x2a
                0x0000002b                __P2IFG = 0x2b
                0x0000002c                __P2IES = 0x2c
                0x0000002d                __P2IE = 0x2d
                0x0000002e                __P2SEL = 0x2e
                0x00000018                __P3IN = 0x18
                0x00000019                __P3OUT = 0x19
                0x0000001a                __P3DIR = 0x1a
                0x0000001b                __P3SEL = 0x1b
                0x0000001c                __P4IN = 0x1c
                0x0000001d                __P4OUT = 0x1d
                0x0000001e                __P4DIR = 0x1e
                0x0000001f                __P4SEL = 0x1f
                0x00000030                __P5IN = 0x30
                0x00000031                __P5OUT = 0x31
                0x00000032                __P5DIR = 0x32
                0x00000033                __P5SEL = 0x33
                0x00000034                __P6IN = 0x34
                0x00000035                __P6OUT = 0x35
                0x00000036                __P6DIR = 0x36
                0x00000037                __P6SEL = 0x37
                0x00000070                __U0CTL = 0x70
                0x00000071                __U0TCTL = 0x71
                0x00000072                __U0RCTL = 0x72
                0x00000073                __U0MCTL = 0x73
                0x00000074                __U0BR0 = 0x74
                0x00000075                __U0BR1 = 0x75
                0x00000076                __U0RXBUF = 0x76
                0x00000077                __U0TXBUF = 0x77
                0x00000078                __U1CTL = 0x78
                0x00000079                __U1TCTL = 0x79
                0x0000007a                __U1RCTL = 0x7a
                0x0000007b                __U1MCTL = 0x7b
                0x0000007c                __U1BR0 = 0x7c
                0x0000007d                __U1BR1 = 0x7d
                0x0000007e                __U1RXBUF = 0x7e
                0x0000007f                __U1TXBUF = 0x7f
                0x00000050                __I2CIE = 0x50
                0x00000051                __I2CIFG = 0x51
                0x00000052                __I2CNDAT = 0x52
                0x00000071                __I2CTCTL = 0x71
                0x00000072                __I2CDCTL = 0x72
                0x00000073                __I2CPSC = 0x73
                0x00000074                __I2CSCLH = 0x74
                0x00000075                __I2CSCLL = 0x75
                0x00000076                __I2CDRB = 0x76
                0x00000076                __I2CDRW = 0x76
                0x00000118                __I2COA = 0x118
                0x0000011a                __I2CSA = 0x11a
                0x0000011c                __I2CIV = 0x11c
                0x0000012e                __TAIV = 0x12e
                0x00000160                __TACTL = 0x160
                0x00000162                __TACCTL0 = 0x162
                0x00000164                __TACCTL1 = 0x164
                0x00000166                __TACCTL2 = 0x166
                0x00000170                __TAR = 0x170
                0x00000172                __TACCR0 = 0x172
                0x00000174                __TACCR1 = 0x174
                0x00000176                __TACCR2 = 0x176
                0x0000011e                __TBIV = 0x11e
                0x00000180                __TBCTL = 0x180
                0x00000182                __TBCCTL0 = 0x182
                0x00000184                __TBCCTL1 = 0x184
                0x00000186                __TBCCTL2 = 0x186
                0x00000188                __TBCCTL3 = 0x188
                0x0000018a                __TBCCTL4 = 0x18a
                0x0000018c                __TBCCTL5 = 0x18c
                0x0000018e                __TBCCTL6 = 0x18e
                0x00000190                __TBR = 0x190
                0x00000192                __TBCCR0 = 0x192
                0x00000194                __TBCCR1 = 0x194
                0x00000196                __TBCCR2 = 0x196
                0x00000198                __TBCCR3 = 0x198
                0x0000019a                __TBCCR4 = 0x19a
                0x0000019c                __TBCCR5 = 0x19c
                0x0000019e                __TBCCR6 = 0x19e
                0x00000056                __DCOCTL = 0x56
                0x00000057                __BCSCTL1 = 0x57
                0x00000058                __BCSCTL2 = 0x58
                0x00000055                __SVSCTL = 0x55
                0x00000128                __FCTL1 = 0x128
                0x0000012a                __FCTL2 = 0x12a
                0x0000012c                __FCTL3 = 0x12c
                0x00000059                __CACTL1 = 0x59
                0x0000005a                __CACTL2 = 0x5a
                0x0000005b                __CAPD = 0x5b
                0x000001a0                __ADC12CTL0 = 0x1a0
                0x000001a2                __ADC12CTL1 = 0x1a2
                0x000001a4                __ADC12IFG = 0x1a4
                0x000001a6                __ADC12IE = 0x1a6
                0x000001a8                __ADC12IV = 0x1a8
                0x00000140                __ADC12MEM0 = 0x140
                0x00000142                __ADC12MEM1 = 0x142
                0x00000144                __ADC12MEM2 = 0x144
                0x00000146                __ADC12MEM3 = 0x146
                0x00000148                __ADC12MEM4 = 0x148
                0x0000014a                __ADC12MEM5 = 0x14a
                0x0000014c                __ADC12MEM6 = 0x14c
                0x0000014e                __ADC12MEM7 = 0x14e
                0x00000150                __ADC12MEM8 = 0x150
                0x00000152                __ADC12MEM9 = 0x152
                0x00000154                __ADC12MEM10 = 0x154
                0x00000156                __ADC12MEM11 = 0x156
                0x00000158                __ADC12MEM12 = 0x158
                0x0000015a                __ADC12MEM13 = 0x15a
                0x0000015c                __ADC12MEM14 = 0x15c
                0x0000015e                __ADC12MEM15 = 0x15e
                0x00000080                __ADC12MCTL0 = 0x80
                0x00000081                __ADC12MCTL1 = 0x81
                0x00000082                __ADC12MCTL2 = 0x82
                0x00000083                __ADC12MCTL3 = 0x83
                0x00000084                __ADC12MCTL4 = 0x84
                0x00000085                __ADC12MCTL5 = 0x85
                0x00000086                __ADC12MCTL6 = 0x86
                0x00000087                __ADC12MCTL7 = 0x87
                0x00000088                __ADC12MCTL8 = 0x88
                0x00000089                __ADC12MCTL9 = 0x89
                0x0000008a                __ADC12MCTL10 = 0x8a
                0x0000008b                __ADC12MCTL11 = 0x8b
                0x0000008c                __ADC12MCTL12 = 0x8c
                0x0000008d                __ADC12MCTL13 = 0x8d
                0x0000008e                __ADC12MCTL14 = 0x8e
                0x0000008f                __ADC12MCTL15 = 0x8f
                0x000001c0                __DAC12_0CTL = 0x1c0
                0x000001c2                __DAC12_1CTL = 0x1c2
                0x000001c8                __DAC12_0DAT = 0x1c8
                0x000001ca                __DAC12_1DAT = 0x1ca
                0x00000122                __DMACTL0 = 0x122
                0x00000124                __DMACTL1 = 0x124
                0x000001e0                __DMA0CTL = 0x1e0
                0x000001e8                __DMA1CTL = 0x1e8
                0x000001f0                __DMA2CTL = 0x1f0
                0x000001e2                __DMA0SA = 0x1e2
                0x000001e4                __DMA0DA = 0x1e4
                0x000001e6                __DMA0SZ = 0x1e6
                0x000001ea                __DMA1SA = 0x1ea
                0x000001ec                __DMA1DA = 0x1ec
                0x000001ee                __DMA1SZ = 0x1ee
                0x000001f2                __DMA2SA = 0x1f2
                0x000001f4                __DMA2DA = 0x1f4
                0x000001f6                __DMA2SZ = 0x1f6

.hash
 *(.hash)

.dynsym
 *(.dynsym)

.dynstr
 *(.dynstr)

.gnu.version
 *(.gnu.version)

.gnu.version_d
 *(.gnu.version_d)

.gnu.version_r
 *(.gnu.version_r)

.rel.init
 *(.rel.init)

.rela.init
 *(.rela.init)

.rel.fini
 *(.rel.fini)

.rela.fini
 *(.rela.fini)

.rel.text
 *(.rel.text .rel.text.* .rel.gnu.linkonce.t.*)

.rela.text
 *(.rela.text .rela.text.* .rela.gnu.linkonce.t.*)

.rel.rodata
 *(.rel.rodata .rel.rodata.* .rel.gnu.linkonce.r.*)

.rela.rodata
 *(.rela.rodata .rela.rodata.* .rela.gnu.linkonce.r.*)

.rel.data
 *(.rel.data .rel.data.* .rel.gnu.linkonce.d.*)

.rela.data
 *(.rela.data .rela.data.* .rela.gnu.linkonce.d.*)

.rel.bss
 *(.rel.bss .rel.bss.* .rel.gnu.linkonce.b.*)

.rela.bss
 *(.rela.bss .rela.bss.* .rela.gnu.linkonce.b.*)

.rel.ctors
 *(.rel.ctors)

.rela.ctors
 *(.rela.ctors)

.rel.dtors
 *(.rel.dtors)

.rela.dtors
 *(.rela.dtors)

.rel.got
 *(.rel.got)

.rela.got
 *(.rela.got)

.rel.plt
 *(.rel.plt)

.rela.plt
 *(.rela.plt)

.text           0x00004000     0x4fcc
                0x00004000                . = ALIGN (0x2)
 *(.init .init.*)
 *(.init0)
 .init0         0x00004000        0x0 /usr/lib/gcc/msp430/4.6.3/mmpy-16/libcrt0.a(_reset_vector__.o)
                0x00004000                _reset_vector__
 *(.init1)
 .init1         0x00004000        0xc /usr/lib/gcc/msp430/4.6.3/mmpy-16/libcrt0.a(__watchdog_support.o)
                0x00004000                __watchdog_support
 *(.init2)
 .init2         0x0000400c        0x4 /usr/lib/gcc/msp430/4.6.3/mmpy-16/libcrt0.a(__init_stack.o)
                0x0000400c                __init_stack
 *(.init3)
 .init3         0x00004010        0x0 /usr/lib/gcc/msp430/4.6.3/mmpy-16/libcrt0.a(__low_level_init.o)
                0x00004010                __low_level_init
 *(.init4)
 .init4         0x00004010       0x18 /usr/lib/gcc/msp430/4.6.3/mmpy-16/libcrt0.a(_copy_data.o)
                0x00004010                __do_copy_data
 .init4         0x00004028       0x16 /usr/lib/gcc/msp430/4.6.3/mmpy-16/libcrt0.a(_clear_bss.o)
                0x00004028                __do_clear_bss
 *(.init5)
 *(.init6)
 *(.init7)
 *(.init8)
 *(.init9)
 .init9         0x0000403e      0x2d0 obj_sky/contiki-sky-main.o
                0x0000403e                main
 *(.fini9)
 .fini9         0x0000430e        0x0 /usr/lib/gcc/msp430/4.6.3/mmpy-16/libcrt0.a(__stop_progExec__.o)
                0x0000430e                __stop_progExec__
 *(.fini8)
 *(.fini7)
 *(.fini6)
 *(.fini5)
 *(.fini4)
 *(.fini3)
 *(.fini2)
 *(.fini1)
 *(.fini0)
 .fini0         0x0000430e        0x6 /usr/lib/gcc/msp430/4.6.3/mmpy-16/libcrt0.a(_endless_loop__.o)
                0x0000430e                _endless_loop__
 *(.fini .fini.*)
                0x00004314                . = ALIGN (0x2)
                0x00004314                __ctors_start = .
 *(.ctors)
                0x00004314                __ctors_end = .
                0x00004314                __dtors_start = .
 *(.dtors)
                0x00004314                __dtors_end = .
                0x00004314                . = ALIGN (0x2)
 *(.text .text.* .gnu.linkonce.t.*)
 .text          0x00004314        0x4 /usr/lib/gcc/msp430/4.6.3/mmpy-16/crt0ivtbl16.o
                0x00004314                __isr_14
                0x00004314                __isr_11
                0x00004314                __isr_2
                0x00004314                __isr_7
                0x00004314                __isr_0
                0x00004314                __isr_8
                0x00004314                __isr_3
                0x00004314                __isr_12
                0x00004314                __isr_13
                0x00004314                __isr_9
 .text.process_thread_example_broadcast_process
                0x00004318       0x98 example-broadcast.co
 .text.recv_uc  0x000043b0       0x26 example-broadcast.co
 .text.broadcast_recv
                0x000043d6       0x7a example-broadcast.co
 .text.start_network_layer
                0x00004450       0x3c obj_sky/contiki-sky-main.o
 .text.init_platform
                0x0000448c        0xc contiki-sky.a(contiki-sky-pla)
                0x0000448c                init_platform
 .text.status   0x00004498       0x16 contiki-sky.a(button-sensor.o)
 .text.configure
                0x000044ae       0x52 contiki-sky.a(button-sensor.o)
 .text.value    0x00004500       0x22 contiki-sky.a(button-sensor.o)
 .text.irq_p2   0x00004522       0x8a contiki-sky.a(button-sensor.o)
                0x00004522                irq_p2
                0x00004522                __isr_1
 .text.owreadb  0x000045ac       0x52 contiki-sky.a(ds2411.o)
 .text.ds2411_init
                0x000045fe      0x122 contiki-sky.a(ds2411.o)
                0x000045fe                ds2411_init
 .text.wait_ready
                0x00004720       0x50 contiki-sky.a(xmem.o)
 .text.xmem_init
                0x00004770       0x3e contiki-sky.a(xmem.o)
                0x00004770                xmem_init
 .text.xmem_pread
                0x000047ae       0xea contiki-sky.a(xmem.o)
                0x000047ae                xmem_pread
 .text.node_id_restore
                0x00004898       0x38 contiki-sky.a(node-id.o)
                0x00004898                node_id_restore
 .text.process_thread_sensors_process
                0x000048d0       0xbe contiki-sky.a(sensors.o)
 .text.sensors_changed
                0x0000498e       0x2a contiki-sky.a(sensors.o)
                0x0000498e                sensors_changed
 .text.get_object
                0x000049b8        0x4 contiki-sky.a(cc2420.o)
 .text.set_object
                0x000049bc        0x4 contiki-sky.a(cc2420.o)
 .text.strobe   0x000049c0       0x20 contiki-sky.a(cc2420.o)
 .text.getreg   0x000049e0       0x54 contiki-sky.a(cc2420.o)
 .text.setreg   0x00004a34       0x52 contiki-sky.a(cc2420.o)
 .text.write_ram
                0x00004a86       0x80 contiki-sky.a(cc2420.o)
 .text.write_fifo_buf
                0x00004b06       0x40 contiki-sky.a(cc2420.o)
 .text.get_status
                0x00004b46       0x24 contiki-sky.a(cc2420.o)
 .text.set_txpower
                0x00004b6a       0x26 contiki-sky.a(cc2420.o)
 .text.cc2420_receiving_packet
                0x00004b90        0xe contiki-sky.a(cc2420.o)
 .text.pending_packet
                0x00004b9e        0x8 contiki-sky.a(cc2420.o)
 .text.on       0x00004ba6       0x1e contiki-sky.a(cc2420.o)
 .text.wait_for_transmission
                0x00004bc4       0x22 contiki-sky.a(cc2420.o)
 .text.wait_for_status
                0x00004be6       0x2a contiki-sky.a(cc2420.o)
 .text.getrxdata
                0x00004c10       0x56 contiki-sky.a(cc2420.o)
 .text.flushrx  0x00004c66       0x1a contiki-sky.a(cc2420.o)
 .text.off      0x00004c80       0x5a contiki-sky.a(cc2420.o)
 .text.RELEASE_LOCK
                0x00004cda       0x28 contiki-sky.a(cc2420.o)
 .text.set_key  0x00004d02       0x18 contiki-sky.a(cc2420.o)
 .text.cc2420_prepare
                0x00004d1a       0x3c contiki-sky.a(cc2420.o)
 .text.cc2420_on
                0x00004d56       0x22 contiki-sky.a(cc2420.o)
                0x00004d56                cc2420_on
 .text.cc2420_off
                0x00004d78       0x30 contiki-sky.a(cc2420.o)
                0x00004d78                cc2420_off
 .text.cc2420_cca
                0x00004da8       0x5e contiki-sky.a(cc2420.o)
 .text.cc2420_read
                0x00004e06       0xb0 contiki-sky.a(cc2420.o)
 .text.process_thread_cc2420_process
                0x00004eb6       0x50 contiki-sky.a(cc2420.o)
 .text.encrypt  0x00004f06       0x8e contiki-sky.a(cc2420.o)
 .text.cc2420_set_channel
                0x00004f94       0x3c contiki-sky.a(cc2420.o)
                0x00004f94                cc2420_set_channel
 .text.cc2420_set_pan_addr
                0x00004fd0       0x4c contiki-sky.a(cc2420.o)
                0x00004fd0                cc2420_set_pan_addr
 .text.cc2420_interrupt
                0x0000501c       0x18 contiki-sky.a(cc2420.o)
                0x0000501c                cc2420_interrupt
 .text.cc2420_set_txpower
                0x00005034        0xe contiki-sky.a(cc2420.o)
                0x00005034                cc2420_set_txpower
 .text.cc2420_get_txpower
                0x00005042       0x1e contiki-sky.a(cc2420.o)
                0x00005042                cc2420_get_txpower
 .text.cc2420_transmit
                0x00005060      0x12a contiki-sky.a(cc2420.o)
 .text.cc2420_send
                0x0000518a       0x12 contiki-sky.a(cc2420.o)
 .text.cc2420_rssi
                0x0000519c       0x4c contiki-sky.a(cc2420.o)
                0x0000519c                cc2420_rssi
 .text.get_value
                0x000051e8       0xac contiki-sky.a(cc2420.o)
 .text.cc2420_set_cca_threshold
                0x00005294       0x16 contiki-sky.a(cc2420.o)
                0x00005294                cc2420_set_cca_threshold
 .text.set_value
                0x000052aa       0x8a contiki-sky.a(cc2420.o)
 .text.cc2420_init
                0x00005334       0xde contiki-sky.a(cc2420.o)
                0x00005334                cc2420_init
 .text.cc2420_port1_interrupt
                0x00005412       0x62 contiki-sky.a(cc2420-arch.o)
                0x00005412                __isr_4
                0x00005412                cc2420_port1_interrupt
 .text.cc2420_arch_init
                0x00005474       0x1a contiki-sky.a(cc2420-arch.o)
                0x00005474                cc2420_arch_init
 .text.handle_rxdma_timer
                0x0000548e       0x3a contiki-sky.a(uart1.o)
 .text.uart1_active
                0x000054c8       0x1a contiki-sky.a(uart1.o)
                0x000054c8                uart1_active
 .text.uart1_set_input
                0x000054e2       0x20 contiki-sky.a(uart1.o)
                0x000054e2                uart1_set_input
 .text.uart1_writeb
                0x00005502       0x1a contiki-sky.a(uart1.o)
                0x00005502                uart1_writeb
 .text.uart1_init
                0x0000551c       0xf6 contiki-sky.a(uart1.o)
                0x0000551c                uart1_init
 .text.putchar  0x00005612       0x10 contiki-sky.a(uart1-putchar.o)
                0x00005612                putchar
 .text.msp430_init_dco
                0x00005622       0x84 contiki-sky.a(msp430.o)
                0x00005622                msp430_init_dco
 .text.msp430_add_lpm_req
                0x000056a6        0xc contiki-sky.a(msp430.o)
                0x000056a6                msp430_add_lpm_req
 .text.msp430_cpu_init
                0x000056b2       0x2a contiki-sky.a(msp430.o)
                0x000056b2                msp430_cpu_init
 .text.splhigh_
                0x000056dc        0x8 contiki-sky.a(msp430.o)
                0x000056dc                splhigh_
 .text.msp430_sync_dco
                0x000056e4       0x68 contiki-sky.a(msp430.o)
                0x000056e4                msp430_sync_dco
 .text.timera1  0x0000574c      0x11e contiki-sky.a(clock.o)
                0x0000574c                __isr_5
                0x0000574c                timera1
 .text.clock_time
                0x0000586a       0x1a contiki-sky.a(clock.o)
                0x0000586a                clock_time
 .text.clock_init
                0x00005884       0x28 contiki-sky.a(clock.o)
                0x00005884                clock_init
 .text.clock_delay
                0x000058ac        0xc contiki-sky.a(clock.o)
                0x000058ac                clock_delay
 .text.show_leds
                0x000058b8       0xf6 contiki-sky.a(leds.o)
 .text.leds_init
                0x000059ae        0xa contiki-sky.a(leds.o)
                0x000059ae                leds_init
 .text.leds_on  0x000059b8        0xa contiki-sky.a(leds.o)
                0x000059b8                leds_on
 .text.leds_off
                0x000059c2        0xe contiki-sky.a(leds.o)
                0x000059c2                leds_off
 .text.leds_arch_init
                0x000059d0        0xe contiki-sky.a(leds-arch.o)
                0x000059d0                leds_arch_init
 .text.leds_arch_set
                0x000059de       0x3a contiki-sky.a(leds-arch.o)
                0x000059de                leds_arch_set
 .text.watchdog_interrupt
                0x00005a18        0x6 contiki-sky.a(watchdog.o)
                0x00005a18                __isr_10
                0x00005a18                watchdog_interrupt
 .text.watchdog_start
                0x00005a1e       0x14 contiki-sky.a(watchdog.o)
                0x00005a1e                watchdog_start
 .text.watchdog_periodic
                0x00005a32       0x12 contiki-sky.a(watchdog.o)
                0x00005a32                watchdog_periodic
 .text.watchdog_stop
                0x00005a44       0x16 contiki-sky.a(watchdog.o)
                0x00005a44                watchdog_stop
 .text.watchdog_init
                0x00005a5a       0x14 contiki-sky.a(watchdog.o)
                0x00005a5a                watchdog_init
 .text.rtimer_arch_init
                0x00005a6e        0xe contiki-sky.a(rtimer-arch.o)
                0x00005a6e                rtimer_arch_init
 .text.rtimer_arch_now
                0x00005a7c        0xe contiki-sky.a(rtimer-arch.o)
                0x00005a7c                rtimer_arch_now
 .text.timera0  0x00005a8a       0x70 contiki-sky.a(rtimer-arch.o)
                0x00005a8a                __isr_6
                0x00005a8a                timera0
 .text.rtimer_arch_schedule
                0x00005afa        0x6 contiki-sky.a(rtimer-arch.o)
                0x00005afa                rtimer_arch_schedule
 .text.autostart_start
                0x00005b00       0x16 contiki-sky.a(autostart.o)
                0x00005b00                autostart_start
 .text.process_thread_ctimer_process
                0x00005b16       0xa4 contiki-sky.a(ctimer.o)
 .text.ctimer_init
                0x00005bba       0x18 contiki-sky.a(ctimer.o)
                0x00005bba                ctimer_init
 .text.ctimer_set
                0x00005bd2       0x50 contiki-sky.a(ctimer.o)
                0x00005bd2                ctimer_set
 .text.ctimer_reset
                0x00005c22       0x30 contiki-sky.a(ctimer.o)
                0x00005c22                ctimer_reset
 .text.ctimer_stop
                0x00005c52       0x28 contiki-sky.a(ctimer.o)
                0x00005c52                ctimer_stop
 .text.energest_init
                0x00005c7a       0x28 contiki-sky.a(energest.o)
                0x00005c7a                energest_init
 .text.energest_type_time
                0x00005ca2       0x46 contiki-sky.a(energest.o)
                0x00005ca2                energest_type_time
 .text.energest_type_set
                0x00005ce8        0xe contiki-sky.a(energest.o)
                0x00005ce8                energest_type_set
 .text.energest_flush
                0x00005cf6       0x48 contiki-sky.a(energest.o)
                0x00005cf6                energest_flush
 .text.update_time
                0x00005d3e       0x78 contiki-sky.a(etimer.o)
 .text.etimer_request_poll
                0x00005db6        0xa contiki-sky.a(etimer.o)
                0x00005db6                etimer_request_poll
 .text.process_thread_etimer_process
                0x00005dc0       0xc8 contiki-sky.a(etimer.o)
 .text.add_timer
                0x00005e88       0x40 contiki-sky.a(etimer.o)
 .text.etimer_set
                0x00005ec8       0x12 contiki-sky.a(etimer.o)
                0x00005ec8                etimer_set
 .text.etimer_reset
                0x00005eda       0x12 contiki-sky.a(etimer.o)
                0x00005eda                etimer_reset
 .text.etimer_expired
                0x00005eec        0xe contiki-sky.a(etimer.o)
                0x00005eec                etimer_expired
 .text.etimer_pending
                0x00005efa        0xc contiki-sky.a(etimer.o)
                0x00005efa                etimer_pending
 .text.etimer_next_expiration_time
                0x00005f06       0x16 contiki-sky.a(etimer.o)
                0x00005f06                etimer_next_expiration_time
 .text.etimer_stop
                0x00005f1c       0x3c contiki-sky.a(etimer.o)
                0x00005f1c                etimer_stop
 .text.call_process
                0x00005f58       0x4a contiki-sky.a(process.o)
 .text.exit_process
                0x00005fa2       0x96 contiki-sky.a(process.o)
 .text.do_poll  0x00006038       0x30 contiki-sky.a(process.o)
 .text.process_alloc_event
                0x00006068        0xe contiki-sky.a(process.o)
                0x00006068                process_alloc_event
 .text.process_init
                0x00006076       0x1c contiki-sky.a(process.o)
                0x00006076                process_init
 .text.process_run
                0x00006092       0xa2 contiki-sky.a(process.o)
                0x00006092                process_run
 .text.process_nevents
                0x00006134        0xe contiki-sky.a(process.o)
                0x00006134                process_nevents
 .text.process_post
                0x00006142       0x54 contiki-sky.a(process.o)
                0x00006142                process_post
 .text.process_post_synch
                0x00006196       0x12 contiki-sky.a(process.o)
                0x00006196                process_post_synch
 .text.process_start
                0x000061a8       0x32 contiki-sky.a(process.o)
                0x000061a8                process_start
 .text.process_poll
                0x000061da       0x18 contiki-sky.a(process.o)
                0x000061da                process_poll
 .text.rtimer_init
                0x000061f2        0x6 contiki-sky.a(rtimer.o)
                0x000061f2                rtimer_init
 .text.rtimer_set
                0x000061f8       0x24 contiki-sky.a(rtimer.o)
                0x000061f8                rtimer_set
 .text.rtimer_run_next
                0x0000621c       0x26 contiki-sky.a(rtimer.o)
                0x0000621c                rtimer_run_next
 .text.timer_set
                0x00006242       0x1c contiki-sky.a(timer.o)
                0x00006242                timer_set
 .text.timer_reset
                0x0000625e        0xe contiki-sky.a(timer.o)
                0x0000625e                timer_reset
 .text.timer_expired
                0x0000626c       0x2a contiki-sky.a(timer.o)
                0x0000626c                timer_expired
 .text.process_thread_serial_line_process
                0x00006296       0x9c contiki-sky.a(serial-line.o)
 .text.serial_line_input_byte
                0x00006332       0x4a contiki-sky.a(serial-line.o)
                0x00006332                serial_line_input_byte
 .text.serial_line_init
                0x0000637c       0x1c contiki-sky.a(serial-line.o)
                0x0000637c                serial_line_init
 .text.list_init
                0x00006398        0x6 contiki-sky.a(list.o)
                0x00006398                list_init
 .text.list_head
                0x0000639e        0x4 contiki-sky.a(list.o)
                0x0000639e                list_head
 .text.list_tail
                0x000063a2       0x12 contiki-sky.a(list.o)
                0x000063a2                list_tail
 .text.list_remove
                0x000063b4       0x34 contiki-sky.a(list.o)
                0x000063b4                list_remove
 .text.list_push
                0x000063e8       0x1a contiki-sky.a(list.o)
                0x000063e8                list_push
 .text.list_add
                0x00006402       0x2a contiki-sky.a(list.o)
                0x00006402                list_add
 .text.list_length
                0x0000642c       0x10 contiki-sky.a(list.o)
                0x0000642c                list_length
 .text.list_item_next
                0x0000643c        0xc contiki-sky.a(list.o)
                0x0000643c                list_item_next
 .text.random_init
                0x00006448        0x6 contiki-sky.a(random.o)
                0x00006448                random_init
 .text.random_rand
                0x0000644e        0x6 contiki-sky.a(random.o)
                0x0000644e                random_rand
 .text.ringbuf_init
                0x00006454       0x14 contiki-sky.a(ringbuf.o)
                0x00006454                ringbuf_init
 .text.ringbuf_put
                0x00006468       0x38 contiki-sky.a(ringbuf.o)
                0x00006468                ringbuf_put
 .text.ringbuf_get
                0x000064a0       0x32 contiki-sky.a(ringbuf.o)
                0x000064a0                ringbuf_get
 .text.sent_by_abc
                0x000064d2       0x10 contiki-sky.a(broadcast.o)
 .text.recv_from_abc
                0x000064e2       0x26 contiki-sky.a(broadcast.o)
 .text.broadcast_open
                0x00006508       0x2a contiki-sky.a(broadcast.o)
                0x00006508                broadcast_open
 .text.broadcast_close
                0x00006532        0x6 contiki-sky.a(broadcast.o)
                0x00006532                broadcast_close
 .text.broadcast_send
                0x00006538       0x1a contiki-sky.a(broadcast.o)
                0x00006538                broadcast_send
 .text.channel_init
                0x00006552        0xa contiki-sky.a(channel.o)
                0x00006552                channel_init
 .text.channel_open
                0x0000655c       0x10 contiki-sky.a(channel.o)
                0x0000655c                channel_open
 .text.channel_close
                0x0000656c        0xc contiki-sky.a(channel.o)
                0x0000656c                channel_close
 .text.channel_lookup
                0x00006578       0x20 contiki-sky.a(channel.o)
                0x00006578                channel_lookup
 .text.channel_set_attributes
                0x00006598       0x24 contiki-sky.a(channel.o)
                0x00006598                channel_set_attributes
 .text.input    0x000065bc       0x3a contiki-sky.a(rime.o)
 .text.init     0x000065f6       0x2e contiki-sky.a(rime.o)
 .text.packet_sent
                0x00006624       0x44 contiki-sky.a(rime.o)
 .text.rime_output
                0x00006668       0x24 contiki-sky.a(rime.o)
                0x00006668                rime_output
 .text.sent_by_broadcast
                0x0000668c       0x10 contiki-sky.a(unicast.o)
 .text.recv_from_broadcast
                0x0000669c       0x2e contiki-sky.a(unicast.o)
 .text.unicast_open
                0x000066ca       0x2a contiki-sky.a(unicast.o)
                0x000066ca                unicast_open
 .text.input_packet
                0x000066f4        0x6 contiki-sky.a(csma.o)
 .text.on       0x000066fa        0x6 contiki-sky.a(csma.o)
 .text.off      0x00006700        0x6 contiki-sky.a(csma.o)
 .text.channel_check_interval
                0x00006706       0x10 contiki-sky.a(csma.o)
 .text.transmit_packet_list
                0x00006716       0x24 contiki-sky.a(csma.o)
 .text.send_packet
                0x0000673a      0x184 contiki-sky.a(csma.o)
 .text.init     0x000068be       0x1a contiki-sky.a(csma.o)
 .text.free_packet
                0x000068d8       0x98 contiki-sky.a(csma.o)
 .text.packet_sent
                0x00006970      0x12e contiki-sky.a(csma.o)
 .text.mac_call_sent_callback
                0x00006a9e       0x14 contiki-sky.a(mac.o)
                0x00006a9e                mac_call_sent_callback
 .text.linkaddr_copy
                0x00006ab2        0xc contiki-sky.a(linkaddr.o)
                0x00006ab2                linkaddr_copy
 .text.linkaddr_cmp
                0x00006abe       0x12 contiki-sky.a(linkaddr.o)
                0x00006abe                linkaddr_cmp
 .text.linkaddr_set_node_addr
                0x00006ad0        0xc contiki-sky.a(linkaddr.o)
                0x00006ad0                linkaddr_set_node_addr
 .text.packetbuf_compact
                0x00006adc       0x2e contiki-sky.a(packetbuf.o)
                0x00006adc                packetbuf_compact
 .text.packetbuf_copyto
                0x00006b0a       0x52 contiki-sky.a(packetbuf.o)
                0x00006b0a                packetbuf_copyto
 .text.packetbuf_hdrreduce
                0x00006b5c       0x1a contiki-sky.a(packetbuf.o)
                0x00006b5c                packetbuf_hdrreduce
 .text.packetbuf_set_datalen
                0x00006b76        0x6 contiki-sky.a(packetbuf.o)
                0x00006b76                packetbuf_set_datalen
 .text.packetbuf_dataptr
                0x00006b7c        0xe contiki-sky.a(packetbuf.o)
                0x00006b7c                packetbuf_dataptr
 .text.packetbuf_hdrptr
                0x00006b8a        0xa contiki-sky.a(packetbuf.o)
                0x00006b8a                packetbuf_hdrptr
 .text.packetbuf_datalen
                0x00006b94        0x6 contiki-sky.a(packetbuf.o)
                0x00006b94                packetbuf_datalen
 .text.packetbuf_hdrlen
                0x00006b9a       0x10 contiki-sky.a(packetbuf.o)
                0x00006b9a                packetbuf_hdrlen
 .text.packetbuf_totlen
                0x00006baa        0xc contiki-sky.a(packetbuf.o)
                0x00006baa                packetbuf_totlen
 .text.packetbuf_hdralloc
                0x00006bb6       0x2e contiki-sky.a(packetbuf.o)
                0x00006bb6                packetbuf_hdralloc
 .text.packetbuf_attr_clear
                0x00006be4       0x2c contiki-sky.a(packetbuf.o)
                0x00006be4                packetbuf_attr_clear
 .text.packetbuf_clear
                0x00006c10       0x1a contiki-sky.a(packetbuf.o)
                0x00006c10                packetbuf_clear
 .text.packetbuf_copyfrom
                0x00006c2a       0x2e contiki-sky.a(packetbuf.o)
                0x00006c2a                packetbuf_copyfrom
 .text.packetbuf_attr_copyto
                0x00006c58       0x20 contiki-sky.a(packetbuf.o)
                0x00006c58                packetbuf_attr_copyto
 .text.packetbuf_attr_copyfrom
                0x00006c78       0x22 contiki-sky.a(packetbuf.o)
                0x00006c78                packetbuf_attr_copyfrom
 .text.packetbuf_holds_broadcast
                0x00006c9a        0xe contiki-sky.a(packetbuf.o)
                0x00006c9a                packetbuf_holds_broadcast
 .text.queuebuf_init
                0x00006ca8       0x12 contiki-sky.a(queuebuf.o)
                0x00006ca8                queuebuf_init
 .text.queuebuf_new_from_packetbuf
                0x00006cba       0x52 contiki-sky.a(queuebuf.o)
                0x00006cba                queuebuf_new_from_packetbuf
 .text.queuebuf_update_attr_from_packetbuf
                0x00006d0c       0x12 contiki-sky.a(queuebuf.o)
                0x00006d0c                queuebuf_update_attr_from_packetbuf
 .text.queuebuf_update_from_packetbuf
                0x00006d1e       0x22 contiki-sky.a(queuebuf.o)
                0x00006d1e                queuebuf_update_from_packetbuf
 .text.queuebuf_free
                0x00006d40       0x2a contiki-sky.a(queuebuf.o)
                0x00006d40                queuebuf_free
 .text.queuebuf_to_packetbuf
                0x00006d6a       0x32 contiki-sky.a(queuebuf.o)
                0x00006d6a                queuebuf_to_packetbuf
 .text.queuebuf_attr
                0x00006d9c        0xe contiki-sky.a(queuebuf.o)
                0x00006d9c                queuebuf_attr
 .text.duty_cycle
                0x00006daa        0x6 contiki-sky.a(contikimac.o)
 .text.init     0x00006db0       0x2a contiki-sky.a(contikimac.o)
 .text.on       0x00006dda       0x1a contiki-sky.a(contikimac.o)
 .text.off      0x00006df4       0x22 contiki-sky.a(contikimac.o)
 .text.recv_burst_off
                0x00006e16        0xa contiki-sky.a(contikimac.o)
 .text.turn_off
                0x00006e20       0x20 contiki-sky.a(contikimac.o)
 .text.turn_on  0x00006e40       0x30 contiki-sky.a(contikimac.o)
 .text.schedule_powercycle_fixed.part.4
                0x00006e70       0x36 contiki-sky.a(contikimac.o)
 .text.powercycle_turn_radio_off
                0x00006ea6       0x30 contiki-sky.a(contikimac.o)
 .text.powercycle
                0x00006ed6      0x1d2 contiki-sky.a(contikimac.o)
 .text.input_packet
                0x000070a8       0xb2 contiki-sky.a(contikimac.o)
 .text.send_packet.isra.7
                0x0000715a      0x1ec contiki-sky.a(contikimac.o)
 .text.qsend_list
                0x00007346       0xc4 contiki-sky.a(contikimac.o)
 .text.qsend_packet
                0x0000740a       0x28 contiki-sky.a(contikimac.o)
 .text.hdr_length
                0x00007432        0x8 contiki-sky.a(contikimac-fram)
 .text.parse    0x0000743a       0x3e contiki-sky.a(contikimac-fram)
 .text.create   0x00007478       0x2a contiki-sky.a(contikimac-fram)
 .text.create_and_secure
                0x000074a2       0x6a contiki-sky.a(contikimac-fram)
 .text.bootstrap
                0x0000750c        0x4 contiki-sky.a(nullsec.o)
 .text.send     0x00007510        0xa contiki-sky.a(nullsec.o)
 .text.on_frame_created
                0x0000751a        0x4 contiki-sky.a(nullsec.o)
 .text.input    0x0000751e        0x6 contiki-sky.a(nullsec.o)
 .text.get_overhead
                0x00007524        0x4 contiki-sky.a(nullsec.o)
 .text.spi_init
                0x00007528       0x32 contiki-sky.a(spi.o)
                0x00007528                spi_init
 .text.compower_accumulate
                0x0000755a       0x72 contiki-sky.a(compower.o)
                0x0000755a                compower_accumulate
 .text.compower_clear
                0x000075cc       0x12 contiki-sky.a(compower.o)
                0x000075cc                compower_clear
 .text.compower_attrconv
                0x000075de       0x10 contiki-sky.a(compower.o)
                0x000075de                compower_attrconv
 .text.memb_init
                0x000075ee       0x36 contiki-sky.a(memb.o)
                0x000075ee                memb_init
 .text.memb_alloc
                0x00007624       0x3e contiki-sky.a(memb.o)
                0x00007624                memb_alloc
 .text.memb_free
                0x00007662       0x3a contiki-sky.a(memb.o)
                0x00007662                memb_free
 .text.memb_inmemb
                0x0000769c       0x2e contiki-sky.a(memb.o)
                0x0000769c                memb_inmemb
 .text.abc_open
                0x000076ca       0x26 contiki-sky.a(abc.o)
                0x000076ca                abc_open
 .text.abc_close
                0x000076f0        0x6 contiki-sky.a(abc.o)
                0x000076f0                abc_close
 .text.abc_send
                0x000076f6        0x6 contiki-sky.a(abc.o)
                0x000076f6                abc_send
 .text.abc_input
                0x000076fc        0xe contiki-sky.a(abc.o)
                0x000076fc                abc_input
 .text.abc_sent
                0x0000770a       0x10 contiki-sky.a(abc.o)
                0x0000770a                abc_sent
 .text.announcement_init
                0x0000771a        0xa contiki-sky.a(announcement.o)
                0x0000771a                announcement_init
 .text.announcement_register_observer_callback
                0x00007724        0x6 contiki-sky.a(announcement.o)
                0x00007724                announcement_register_observer_callback
 .text.announcement_list
                0x0000772a        0xa contiki-sky.a(announcement.o)
                0x0000772a                announcement_list
 .text.announcement_heard
                0x00007734       0x42 contiki-sky.a(announcement.o)
                0x00007734                announcement_heard
 .text.adv_packet_sent
                0x00007776        0x2 contiki-sky.a(broadcast-annou)
 .text.adv_packet_received
                0x00007778       0x66 contiki-sky.a(broadcast-annou)
 .text.set_timers
                0x000077de       0x4a contiki-sky.a(broadcast-annou)
 .text.send_timer
                0x00007828       0x36 contiki-sky.a(broadcast-annou)
 .text.new_announcement
                0x0000785e       0x18 contiki-sky.a(broadcast-annou)
 .text.send_adv
                0x00007876       0x66 contiki-sky.a(broadcast-annou)
 .text.broadcast_announcement_init
                0x000078dc       0x48 contiki-sky.a(broadcast-annou)
                0x000078dc                broadcast_announcement_init
 .text.chameleon_init
                0x00007924        0x6 contiki-sky.a(chameleon.o)
                0x00007924                chameleon_init
 .text.chameleon_parse
                0x0000792a       0x10 contiki-sky.a(chameleon.o)
                0x0000792a                chameleon_parse
 .text.chameleon_create
                0x0000793a       0x1c contiki-sky.a(chameleon.o)
                0x0000793a                chameleon_create
 .text.chameleon_hdrsize
                0x00007956        0x6 contiki-sky.a(chameleon.o)
                0x00007956                chameleon_hdrsize
 .text.parse    0x0000795c       0x9e contiki-sky.a(framer-802154.o)
 .text.create_frame.isra.0
                0x000079fa      0x104 contiki-sky.a(framer-802154.o)
 .text.create   0x00007afe        0x8 contiki-sky.a(framer-802154.o)
 .text.hdr_length
                0x00007b06        0x8 contiki-sky.a(framer-802154.o)
 .text.framer_canonical_create_and_secure
                0x00007b0e       0x20 contiki-sky.a(framer.o)
                0x00007b0e                framer_canonical_create_and_secure
 .text.mac_sequence_is_duplicate
                0x00007b2e       0x3c contiki-sky.a(mac-sequence.o)
                0x00007b2e                mac_sequence_is_duplicate
 .text.mac_sequence_register_seqno
                0x00007b6a       0x64 contiki-sky.a(mac-sequence.o)
                0x00007b6a                mac_sequence_register_seqno
 .text.header_size
                0x00007bce       0x16 contiki-sky.a(chameleon-bitop)
 .text.get_bits_in_byte
                0x00007be4       0x3a contiki-sky.a(chameleon-bitop)
                0x00007be4                get_bits_in_byte
 .text.get_bits
                0x00007c1e       0xa4 contiki-sky.a(chameleon-bitop)
                0x00007c1e                get_bits
 .text.unpack_header
                0x00007cc2       0xd6 contiki-sky.a(chameleon-bitop)
 .text.set_bits_in_byte
                0x00007d98       0x2c contiki-sky.a(chameleon-bitop)
                0x00007d98                set_bits_in_byte
 .text.set_bits
                0x00007dc4       0xd2 contiki-sky.a(chameleon-bitop)
                0x00007dc4                set_bits
 .text.pack_header
                0x00007e96       0xbc contiki-sky.a(chameleon-bitop)
 .text.field_len
                0x00007f52       0x98 contiki-sky.a(frame802154.o)
 .text.frame802154_hdrlen
                0x00007fea       0x2e contiki-sky.a(frame802154.o)
                0x00007fea                frame802154_hdrlen
 .text.frame802154_create
                0x00008018      0x146 contiki-sky.a(frame802154.o)
                0x00008018                frame802154_create
 .text.frame802154_parse
                0x0000815e      0x1da contiki-sky.a(frame802154.o)
                0x0000815e                frame802154_parse
 .text.libgcc   0x00008338       0x2c /usr/lib/gcc/msp430/4.6.3/mmpy-16/libgcc.a(_mulsi3.o)
                0x00008338                __mulsi3
 .text.libgcc   0x00008364       0x40 /usr/lib/gcc/msp430/4.6.3/mmpy-16/libgcc.a(_udivmod32.o)
                0x00008364                __udivsi3
                0x00008364                __ext_udivmod32
                0x0000839a                __umodsi3
 .text          0x000083a4       0x20 /usr/lib/gcc/msp430/4.6.3/../../../../msp430/lib/mmpy-16/libc.a(memcmp.o)
                0x000083a4                memcmp
 .text          0x000083c4       0xfa /usr/lib/gcc/msp430/4.6.3/../../../../msp430/lib/mmpy-16/libc.a(memcpy.o)
                0x000083c4                memcpy
 .text          0x000084be       0x6a /usr/lib/gcc/msp430/4.6.3/../../../../msp430/lib/mmpy-16/libc.a(memset.o)
                0x000084be                memset
 .text          0x00008528       0x1e /usr/lib/gcc/msp430/4.6.3/../../../../msp430/lib/mmpy-16/libc.a(printf.o)
                0x00008528                printf
                0x00008538                vprintf
 .text          0x00008546       0xbc /usr/lib/gcc/msp430/4.6.3/../../../../msp430/lib/mmpy-16/libc.a(sprintf.o)
                0x000085a4                sprintf
                0x000085c0                snprintf
                0x000085da                vsprintf
                0x000085f0                vsnprintf
 .text          0x00008602      0x836 /usr/lib/gcc/msp430/4.6.3/../../../../msp430/lib/mmpy-16/libc.a(vuprintf.o)
                0x0000879a                vuprintf
 .text          0x00008e38       0x2c /usr/lib/gcc/msp430/4.6.3/../../../../msp430/lib/mmpy-16/libc.a(puts.o)
                0x00008e38                puts
 .text          0x00008e64       0x54 /usr/lib/gcc/msp430/4.6.3/../../../../msp430/lib/mmpy-16/libc.a(rand.o)
                0x00008e64                rand_r
                0x00008e88                rand
                0x00008eae                srand
 .text.libgcc   0x00008eb8       0x22 /usr/lib/gcc/msp430/4.6.3/mmpy-16/libgcc.a(_udivmod16.o)
                0x00008eb8                __udivhi3
                0x00008eb8                __ext_udivmod16
                0x00008ed2                __umodhi3
 .text.libgcc   0x00008eda       0xf0 /usr/lib/gcc/msp430/4.6.3/mmpy-16/libgcc.a(_udivmod64.o)
                0x00008eda                __xabi_udivmod64
                0x00008f38                __udivdi3
                0x00008f5e                __umoddi3
                0x00008f8c                __udivmoddi4
 .text.crt0     0x00008fca        0x2 /usr/lib/gcc/msp430/4.6.3/mmpy-16/libcrt0.a(_unexpected_.o)
                0x00008fca                _unexpected_
                0x00008fcc                . = ALIGN (0x2)

.rodata         0x00008fcc      0x2b8
                0x00008fcc                . = ALIGN (0x2)
 *(.rodata .rodata.* .gnu.linkonce.r.*)
 .rodata        0x00008fcc       0xa2 example-broadcast.co
                0x00009050                autostart_processes
 .rodata        0x0000906e       0xe5 obj_sky/contiki-sky-main.o
 *fill*         0x00009153        0x1 00
 .rodata        0x00009154       0x10 contiki-sky.a(button-sensor.o)
                0x0000915c                button_sensor
 .rodata        0x00009164        0x8 contiki-sky.a(sensors.o)
 .rodata        0x0000916c       0x5a contiki-sky.a(cc2420.o)
                0x00009188                cc2420_aes_128_driver
                0x0000918c                cc2420_driver
 .rodata        0x000091c6        0xf contiki-sky.a(ctimer.o)
 .rodata        0x000091d5        0xc contiki-sky.a(etimer.o)
 .rodata        0x000091e1        0xe contiki-sky.a(serial-line.o)
 *fill*         0x000091ef        0x1 00
 .rodata        0x000091f0        0x8 contiki-sky.a(broadcast.o)
 .rodata        0x000091f8        0xc contiki-sky.a(rime.o)
                0x000091fe                rime_driver
 .rodata        0x00009204        0xa contiki-sky.a(unicast.o)
 .rodata        0x0000920e       0x14 contiki-sky.a(csma.o)
                0x00009214                csma_driver
 .rodata        0x00009222        0x2 contiki-sky.a(linkaddr.o)
                0x00009222                linkaddr_null
 .rodata        0x00009224       0x1c contiki-sky.a(contikimac.o)
                0x00009230                contikimac_driver
 .rodata        0x00009240        0x8 contiki-sky.a(contikimac-fram)
                0x00009240                contikimac_framer
 .rodata        0x00009248       0x14 contiki-sky.a(nullsec.o)
                0x00009250                nullsec_driver
 .rodata        0x0000925c        0x2 contiki-sky.a(abc.o)
 .rodata        0x0000925e        0x4 contiki-sky.a(broadcast-annou)
 .rodata        0x00009262        0x8 contiki-sky.a(framer-802154.o)
                0x00009262                framer_802154
 .rodata        0x0000926a       0x10 contiki-sky.a(chameleon-bitop)
                0x0000926a                chameleon_bitopt
 .rodata        0x0000927a        0x2 contiki-sky.a(frame802154.o)
 .rodata        0x0000927c        0x7 /usr/lib/gcc/msp430/4.6.3/../../../../msp430/lib/mmpy-16/libc.a(vuprintf.o)
                0x00009284                . = ALIGN (0x2)
 *fill*         0x00009283        0x1 00
                0x00009284                _etext = .

.data           0x00001100       0x6e load address 0x00009284
                0x00001100                . = ALIGN (0x2)
                0x00001100                PROVIDE (__data_start, .)
 *(.data .data.* .gnu.linkonce.d.*)
 .data          0x00001100        0xa example-broadcast.co
                0x00001100                example_broadcast_process
 .data          0x0000110a        0x4 contiki-sky.a(contiki-sky-pla)
                0x0000110a                sensors
 .data          0x0000110e        0xa contiki-sky.a(sensors.o)
                0x0000110e                sensors_process
 .data          0x00001118        0xa contiki-sky.a(cc2420.o)
                0x00001118                cc2420_process
 .data          0x00001122        0x2 contiki-sky.a(msp430.o)
 .data          0x00001124        0xa contiki-sky.a(ctimer.o)
                0x00001124                ctimer_process
 .data          0x0000112e        0xa contiki-sky.a(etimer.o)
                0x0000112e                etimer_process
 .data          0x00001138        0xa contiki-sky.a(serial-line.o)
                0x00001138                serial_line_process
 .data          0x00001142       0x18 contiki-sky.a(csma.o)
 .data          0x0000115a       0x10 contiki-sky.a(queuebuf.o)
 .data          0x0000116a        0x4 /usr/lib/gcc/msp430/4.6.3/../../../../msp430/lib/mmpy-16/libc.a(rand.o)
                0x0000116e                . = ALIGN (0x2)
                0x0000116e                _edata = .
                0x00009284                PROVIDE (__data_load_start, LOADADDR (.data))
                0x0000006e                PROVIDE (__data_size, SIZEOF (.data))

.bss            0x0000116e     0x11da load address 0x000092f2
                0x0000116e                PROVIDE (__bss_start, .)
 *(.bss .bss.*)
 .bss           0x0000116e       0x2a example-broadcast.co
                0x0000116e                isSuccessor
                0x00001170                hasSuccessor
 .bss           0x00001198        0xc obj_sky/contiki-sky-main.o
 .bss           0x000011a4        0x8 contiki-sky.a(button-sensor.o)
 .bss           0x000011ac        0x2 contiki-sky.a(node-id.o)
                0x000011ac                node_id
 .bss           0x000011ae        0x6 contiki-sky.a(sensors.o)
 .bss           0x000011b4        0x8 contiki-sky.a(cc2420.o)
 .bss           0x000011bc       0x9a contiki-sky.a(uart1.o)
 .bss           0x00001256        0xa contiki-sky.a(clock.o)
 .bss           0x00001260        0x1 contiki-sky.a(leds.o)
 *fill*         0x00001261        0x1 00
 .bss           0x00001262        0x2 contiki-sky.a(watchdog.o)
 .bss           0x00001264        0x4 contiki-sky.a(ctimer.o)
 .bss           0x00001268        0x6 contiki-sky.a(etimer.o)
 .bss           0x0000126e       0x42 contiki-sky.a(process.o)
                0x0000126e                process_current
                0x00001270                process_list
 .bss           0x000012b0        0x2 contiki-sky.a(rtimer.o)
 .bss           0x000012b2      0x10a contiki-sky.a(serial-line.o)
 .bss           0x000013bc        0x2 contiki-sky.a(channel.o)
 .bss           0x000013be        0x2 contiki-sky.a(rime.o)
 .bss           0x000013c0      0x128 contiki-sky.a(csma.o)
 .bss           0x000014e8       0xb8 contiki-sky.a(packetbuf.o)
 .bss           0x000015a0      0xc20 contiki-sky.a(queuebuf.o)
 .bss           0x000021c0       0x32 contiki-sky.a(contikimac.o)
 .bss           0x000021f2        0x8 contiki-sky.a(compower.o)
 .bss           0x000021fa        0x6 contiki-sky.a(announcement.o)
 .bss           0x00002200       0x46 contiki-sky.a(broadcast-annou)
 .bss           0x00002246        0x2 contiki-sky.a(framer-802154.o)
 .bss           0x00002248       0x40 contiki-sky.a(mac-sequence.o)
 .bss           0x00002288        0x4 /usr/lib/gcc/msp430/4.6.3/../../../../msp430/lib/mmpy-16/libc.a(sprintf.o)
 *(COMMON)
 COMMON         0x0000228c        0x2 contiki-sky.a(contiki-sky-pla)
                0x0000228c                sensors_flags
 COMMON         0x0000228e        0x8 contiki-sky.a(ds2411.o)
                0x0000228e                ds2411_id
 COMMON         0x00002296        0x1 contiki-sky.a(sensors.o)
                0x00002296                sensors_event
 *fill*         0x00002297        0x1 00
 COMMON         0x00002298       0x10 contiki-sky.a(cc2420.o)
                0x00002298                cc2420_last_rssi
                0x0000229a                cc2420_sfd_start_time
                0x0000229c                cc2420_time_of_departure
                0x0000229e                cc2420_time_of_arrival
                0x000022a0                cc2420_last_correlation
                0x000022a2                cc2420_authority_level_of_sender
                0x000022a4                cc2420_sfd_counter
                0x000022a6                cc2420_sfd_end_time
 COMMON         0x000022a8        0x2 contiki-sky.a(msp430.o)
                0x000022a8                msp430_dco_required
 COMMON         0x000022aa       0x56 contiki-sky.a(energest.o)
                0x000022aa                energest_total_time
                0x000022da                energest_total_count
                0x000022dc                energest_current_mode
                0x000022e8                energest_current_time
 COMMON         0x00002300        0x1 contiki-sky.a(process.o)
                0x00002300                process_maxevents
 COMMON         0x00002301        0x1 contiki-sky.a(serial-line.o)
                0x00002301                serial_line_event_message
 COMMON         0x00002302        0x2 contiki-sky.a(linkaddr.o)
                0x00002302                linkaddr_node_addr
 COMMON         0x00002304       0x3c contiki-sky.a(packetbuf.o)
                0x00002304                packetbuf_addrs
                0x0000230c                packetbuf_attrs
 COMMON         0x00002340        0x8 contiki-sky.a(compower.o)
                0x00002340                compower_idle_activity
                0x00002348                . = ALIGN (0x2)
                0x00002348                PROVIDE (__bss_end, .)
                0x000011da                PROVIDE (__bss_size, SIZEOF (.bss))

.noinit         0x00002348        0x2 load address 0x000092f2
                0x00002348                PROVIDE (__noinit_start, .)
 *(.noinit .noinit.*)
 .noinit.crt0   0x00002348        0x2 /usr/lib/gcc/msp430/4.6.3/mmpy-16/libcrt0.a(__watchdog_support.o)
                0x00002348                __wdt_clear_value
                0x0000234a                . = ALIGN (0x2)
                0x0000234a                PROVIDE (__noinit_end, .)
                0x0000234a                . = ALIGN (0x2)
                0x0000234a                _end = .

.infomem        0x00001000        0x0
 *(.infomem)
                0x00001000                . = ALIGN (0x2)
 *(.infomem.*)

.infomemnobits  0x00001000        0x0
 *(.infomemnobits)
                0x00001000                . = ALIGN (0x2)
 *(.infomemnobits.*)

.infoa
 *(.infoa .infoa.*)

.infob
 *(.infob .infob.*)

.infoc
 *(.infoc .infoc.*)

.infod
 *(.infod .infod.*)

.vectors        0x0000ffe0       0x20
                0x0000ffe0                PROVIDE (__vectors_start, .)
 *(.vectors*)
 .vectors       0x0000ffe0       0x20 /usr/lib/gcc/msp430/4.6.3/mmpy-16/crt0ivtbl16.o
                0x0000ffe0                __ivtbl_16
                0x00010000                _vectors_end = .

.fartext        0x00000000        0x0
                0x00000000                . = ALIGN (0x2)
 *(.fartext)
                0x00000000                . = ALIGN (0x2)
 *(.fartext.*)
                0x00000000                _efartext = .

.profiler
 *(.profiler)

.stab           0x00000000    0x19c20
 *(.stab)
 .stab          0x00000000     0x13a4 example-broadcast.co
 .stab          0x000013a4     0x1074 obj_sky/contiki-sky-main.o
                               0x17ac (size before relaxing)
 .stab          0x00002418      0x258 contiki-sky.a(contiki-sky-pla)
                                0x5b8 (size before relaxing)
 .stab          0x00002670      0x468 contiki-sky.a(button-sensor.o)
                                0x7d4 (size before relaxing)
 .stab          0x00002ad8      0x624 contiki-sky.a(ds2411.o)
                                0xb40 (size before relaxing)
 .stab          0x000030fc      0xa38 contiki-sky.a(xmem.o)
                                0xf60 (size before relaxing)
 .stab          0x00003b34      0x2b8 contiki-sky.a(node-id.o)
                                0x4e0 (size before relaxing)
 .stab          0x00003dec      0x654 contiki-sky.a(sensors.o)
                                0xb70 (size before relaxing)
 .stab          0x00004440     0x234c contiki-sky.a(cc2420.o)
                               0x2cc4 (size before relaxing)
 .stab          0x0000678c      0x9d8 contiki-sky.a(cc2420-arch.o)
                               0x1404 (size before relaxing)
 .stab          0x00007164      0x60c contiki-sky.a(uart1.o)
                                0x960 (size before relaxing)
 .stab          0x00007770      0x27c contiki-sky.a(uart1-putchar.o)
                                0x7bc (size before relaxing)
 .stab          0x000079ec      0x744 contiki-sky.a(msp430.o)
                                0xa98 (size before relaxing)
 .stab          0x00008130      0x948 contiki-sky.a(clock.o)
                                0xc9c (size before relaxing)
 .stab          0x00008a78      0x5dc contiki-sky.a(leds.o)
                                0x828 (size before relaxing)
 .stab          0x00009054      0x3a8 contiki-sky.a(leds-arch.o)
                                0x6fc (size before relaxing)
 .stab          0x000093fc      0x3fc contiki-sky.a(watchdog.o)
                                0x750 (size before relaxing)
 .stab          0x000097f8      0x3cc contiki-sky.a(rtimer-arch.o)
                                0x720 (size before relaxing)
 .stab          0x00009bc4      0x294 contiki-sky.a(autostart.o)
                                0x534 (size before relaxing)
 .stab          0x00009e58      0x7a4 contiki-sky.a(ctimer.o)
                                0xb10 (size before relaxing)
 .stab          0x0000a5fc      0x474 contiki-sky.a(energest.o)
                                0x6fc (size before relaxing)
 .stab          0x0000aa70      0xa38 contiki-sky.a(etimer.o)
                                0xd08 (size before relaxing)
 .stab          0x0000b4a8      0xb7c contiki-sky.a(process.o)
                               0x1014 (size before relaxing)
 .stab          0x0000c024      0x3d8 contiki-sky.a(rtimer.o)
                                0x6c0 (size before relaxing)
 .stab          0x0000c3fc      0x354 contiki-sky.a(timer.o)
                                0x594 (size before relaxing)
 .stab          0x0000c750      0x534 contiki-sky.a(serial-line.o)
                                0xa50 (size before relaxing)
 .stab          0x0000cc84      0x7f8 contiki-sky.a(list.o)
                                0x804 (size before relaxing)
 .stab          0x0000d47c      0x228 contiki-sky.a(random.o)
                                0x624 (size before relaxing)
 .stab          0x0000d6a4      0x3fc contiki-sky.a(ringbuf.o)
                                0x63c (size before relaxing)
 .stab          0x0000daa0      0x6d8 contiki-sky.a(broadcast.o)
                               0x150c (size before relaxing)
 .stab          0x0000e178      0x678 contiki-sky.a(channel.o)
                               0x129c (size before relaxing)
 .stab          0x0000e7f0      0xcd8 contiki-sky.a(rime.o)
                               0x141c (size before relaxing)
 .stab          0x0000f4c8      0x624 contiki-sky.a(unicast.o)
                               0x129c (size before relaxing)
 .stab          0x0000faec      0xe04 contiki-sky.a(csma.o)
                               0x15b4 (size before relaxing)
 .stab          0x000108f0      0x1f8 contiki-sky.a(mac.o)
                                0x4ec (size before relaxing)
 .stab          0x00010ae8      0x2c4 contiki-sky.a(linkaddr.o)
                                0x6c0 (size before relaxing)
 .stab          0x00010dac      0xda4 contiki-sky.a(packetbuf.o)
                               0x1bf0 (size before relaxing)
 .stab          0x00011b50      0xa5c contiki-sky.a(queuebuf.o)
                               0x1890 (size before relaxing)
 .stab          0x000125ac     0x16ec contiki-sky.a(contikimac.o)
                               0x22f8 (size before relaxing)
 .stab          0x00013c98      0x6e4 contiki-sky.a(contikimac-fram)
                                0xf24 (size before relaxing)
 .stab          0x0001437c      0x6a8 contiki-sky.a(nullsec.o)
                                0xda4 (size before relaxing)
 .stab          0x00014a24      0x204 contiki-sky.a(spi.o)
                                0x42c (size before relaxing)
 .stab          0x00014c28      0x51c contiki-sky.a(compower.o)
                                0xd20 (size before relaxing)
 .stab          0x00015144      0x5c4 contiki-sky.a(memb.o)
                                0xaf8 (size before relaxing)
 .stab          0x00015708      0x66c contiki-sky.a(abc.o)
                               0x14a0 (size before relaxing)
 .stab          0x00015d74      0x6e4 contiki-sky.a(announcement.o)
                                0x984 (size before relaxing)
 .stab          0x00016458      0x948 contiki-sky.a(broadcast-annou)
                               0x15c0 (size before relaxing)
 .stab          0x00016da0      0x594 contiki-sky.a(chameleon.o)
                               0x123c (size before relaxing)
 .stab          0x00017334      0x930 contiki-sky.a(framer-802154.o)
                                0xf6c (size before relaxing)
 .stab          0x00017c64      0x318 contiki-sky.a(framer.o)
                                0xc54 (size before relaxing)
 .stab          0x00017f7c      0x600 contiki-sky.a(mac-sequence.o)
                               0x144c (size before relaxing)
 .stab          0x0001857c      0xd80 contiki-sky.a(chameleon-bitop)
                               0x19f8 (size before relaxing)
 .stab          0x000192fc      0x924 contiki-sky.a(frame802154.o)
                               0x10f8 (size before relaxing)

.stabstr        0x00000000    0x158d2
 *(.stabstr)
 .stabstr       0x00000000    0x158d2 example-broadcast.co

.stab.excl
 *(.stab.excl)

.stab.exclstr
 *(.stab.exclstr)

.stab.index
 *(.stab.index)

.stab.indexstr
 *(.stab.indexstr)

.comment
 *(.comment)

.debug
 *(.debug)

.line
 *(.line)

.debug_srcinfo
 *(.debug_srcinfo)

.debug_sfnames
 *(.debug_sfnames)

.debug_aranges  0x00000000      0x17c
 *(.debug_aranges)
 .debug_aranges
                0x00000000       0x14 /usr/lib/gcc/msp430/4.6.3/mmpy-16/libgcc.a(_mulsi3.o)
 .debug_aranges
                0x00000014       0x14 /usr/lib/gcc/msp430/4.6.3/mmpy-16/libgcc.a(_udivmod32.o)
 .debug_aranges
                0x00000028       0x14 /usr/lib/gcc/msp430/4.6.3/../../../../msp430/lib/mmpy-16/libc.a(strncmp.o)
 .debug_aranges
                0x0000003c       0x14 /usr/lib/gcc/msp430/4.6.3/../../../../msp430/lib/mmpy-16/libc.a(memcmp.o)
 .debug_aranges
                0x00000050       0x14 /usr/lib/gcc/msp430/4.6.3/../../../../msp430/lib/mmpy-16/libc.a(memcpy.o)
 .debug_aranges
                0x00000064       0x14 /usr/lib/gcc/msp430/4.6.3/../../../../msp430/lib/mmpy-16/libc.a(memset.o)
 .debug_aranges
                0x00000078       0x14 /usr/lib/gcc/msp430/4.6.3/../../../../msp430/lib/mmpy-16/libc.a(printf.o)
 .debug_aranges
                0x0000008c       0x14 /usr/lib/gcc/msp430/4.6.3/../../../../msp430/lib/mmpy-16/libc.a(sprintf.o)
 .debug_aranges
                0x000000a0       0x14 /usr/lib/gcc/msp430/4.6.3/../../../../msp430/lib/mmpy-16/libc.a(vuprintf.o)
 .debug_aranges
                0x000000b4       0x14 /usr/lib/gcc/msp430/4.6.3/../../../../msp430/lib/mmpy-16/libc.a(puts.o)
 .debug_aranges
                0x000000c8       0x14 /usr/lib/gcc/msp430/4.6.3/../../../../msp430/lib/mmpy-16/libc.a(rand.o)
 .debug_aranges
                0x000000dc       0x14 /usr/lib/gcc/msp430/4.6.3/mmpy-16/libgcc.a(_udivmod16.o)
 .debug_aranges
                0x000000f0       0x14 /usr/lib/gcc/msp430/4.6.3/mmpy-16/libgcc.a(_udivmod64.o)
 .debug_aranges
                0x00000104       0x14 /usr/lib/gcc/msp430/4.6.3/mmpy-16/libcrt0.a(__watchdog_support.o)
 .debug_aranges
                0x00000118       0x14 /usr/lib/gcc/msp430/4.6.3/mmpy-16/libcrt0.a(__init_stack.o)
 .debug_aranges
                0x0000012c       0x14 /usr/lib/gcc/msp430/4.6.3/mmpy-16/libcrt0.a(_copy_data.o)
 .debug_aranges
                0x00000140       0x14 /usr/lib/gcc/msp430/4.6.3/mmpy-16/libcrt0.a(_clear_bss.o)
 .debug_aranges
                0x00000154       0x14 /usr/lib/gcc/msp430/4.6.3/mmpy-16/libcrt0.a(_endless_loop__.o)
 .debug_aranges
                0x00000168       0x14 /usr/lib/gcc/msp430/4.6.3/mmpy-16/libcrt0.a(_unexpected_.o)

.debug_pubnames
 *(.debug_pubnames)

.debug_info     0x00000000     0x1612
 *(.debug_info)
 .debug_info    0x00000000       0xd6 /usr/lib/gcc/msp430/4.6.3/mmpy-16/libgcc.a(_mulsi3.o)
 .debug_info    0x000000d6       0xd6 /usr/lib/gcc/msp430/4.6.3/mmpy-16/libgcc.a(_udivmod32.o)
 .debug_info    0x000001ac       0xbb /usr/lib/gcc/msp430/4.6.3/../../../../msp430/lib/mmpy-16/libc.a(strncmp.o)
 .debug_info    0x00000267       0xe8 /usr/lib/gcc/msp430/4.6.3/../../../../msp430/lib/mmpy-16/libc.a(memcmp.o)
 .debug_info    0x0000034f      0x113 /usr/lib/gcc/msp430/4.6.3/../../../../msp430/lib/mmpy-16/libc.a(memcpy.o)
 .debug_info    0x00000462       0xfe /usr/lib/gcc/msp430/4.6.3/../../../../msp430/lib/mmpy-16/libc.a(memset.o)
 .debug_info    0x00000560      0x105 /usr/lib/gcc/msp430/4.6.3/../../../../msp430/lib/mmpy-16/libc.a(printf.o)
 .debug_info    0x00000665      0x277 /usr/lib/gcc/msp430/4.6.3/../../../../msp430/lib/mmpy-16/libc.a(sprintf.o)
 .debug_info    0x000008dc      0x565 /usr/lib/gcc/msp430/4.6.3/../../../../msp430/lib/mmpy-16/libc.a(vuprintf.o)
 .debug_info    0x00000e41       0x96 /usr/lib/gcc/msp430/4.6.3/../../../../msp430/lib/mmpy-16/libc.a(puts.o)
 .debug_info    0x00000ed7      0x13f /usr/lib/gcc/msp430/4.6.3/../../../../msp430/lib/mmpy-16/libc.a(rand.o)
 .debug_info    0x00001016       0xd6 /usr/lib/gcc/msp430/4.6.3/mmpy-16/libgcc.a(_udivmod16.o)
 .debug_info    0x000010ec       0xd6 /usr/lib/gcc/msp430/4.6.3/mmpy-16/libgcc.a(_udivmod64.o)
 .debug_info    0x000011c2       0xb8 /usr/lib/gcc/msp430/4.6.3/mmpy-16/libcrt0.a(__watchdog_support.o)
 .debug_info    0x0000127a       0xb8 /usr/lib/gcc/msp430/4.6.3/mmpy-16/libcrt0.a(__init_stack.o)
 .debug_info    0x00001332       0xb8 /usr/lib/gcc/msp430/4.6.3/mmpy-16/libcrt0.a(_copy_data.o)
 .debug_info    0x000013ea       0xb8 /usr/lib/gcc/msp430/4.6.3/mmpy-16/libcrt0.a(_clear_bss.o)
 .debug_info    0x000014a2       0xb8 /usr/lib/gcc/msp430/4.6.3/mmpy-16/libcrt0.a(_endless_loop__.o)
 .debug_info    0x0000155a       0xb8 /usr/lib/gcc/msp430/4.6.3/mmpy-16/libcrt0.a(_unexpected_.o)
 *(.gnu.linkonce.wi.*)

.debug_abbrev   0x00000000      0x826
 *(.debug_abbrev)
 .debug_abbrev  0x00000000       0x14 /usr/lib/gcc/msp430/4.6.3/mmpy-16/libgcc.a(_mulsi3.o)
 .debug_abbrev  0x00000014       0x14 /usr/lib/gcc/msp430/4.6.3/mmpy-16/libgcc.a(_udivmod32.o)
 .debug_abbrev  0x00000028       0x7c /usr/lib/gcc/msp430/4.6.3/../../../../msp430/lib/mmpy-16/libc.a(strncmp.o)
 .debug_abbrev  0x000000a4       0x9b /usr/lib/gcc/msp430/4.6.3/../../../../msp430/lib/mmpy-16/libc.a(memcmp.o)
 .debug_abbrev  0x0000013f       0x97 /usr/lib/gcc/msp430/4.6.3/../../../../msp430/lib/mmpy-16/libc.a(memcpy.o)
 .debug_abbrev  0x000001d6       0x9c /usr/lib/gcc/msp430/4.6.3/../../../../msp430/lib/mmpy-16/libc.a(memset.o)
 .debug_abbrev  0x00000272       0xd0 /usr/lib/gcc/msp430/4.6.3/../../../../msp430/lib/mmpy-16/libc.a(printf.o)
 .debug_abbrev  0x00000342      0x105 /usr/lib/gcc/msp430/4.6.3/../../../../msp430/lib/mmpy-16/libc.a(sprintf.o)
 .debug_abbrev  0x00000447      0x1ef /usr/lib/gcc/msp430/4.6.3/../../../../msp430/lib/mmpy-16/libc.a(vuprintf.o)
 .debug_abbrev  0x00000636       0x60 /usr/lib/gcc/msp430/4.6.3/../../../../msp430/lib/mmpy-16/libc.a(puts.o)
 .debug_abbrev  0x00000696       0xf0 /usr/lib/gcc/msp430/4.6.3/../../../../msp430/lib/mmpy-16/libc.a(rand.o)
 .debug_abbrev  0x00000786       0x14 /usr/lib/gcc/msp430/4.6.3/mmpy-16/libgcc.a(_udivmod16.o)
 .debug_abbrev  0x0000079a       0x14 /usr/lib/gcc/msp430/4.6.3/mmpy-16/libgcc.a(_udivmod64.o)
 .debug_abbrev  0x000007ae       0x14 /usr/lib/gcc/msp430/4.6.3/mmpy-16/libcrt0.a(__watchdog_support.o)
 .debug_abbrev  0x000007c2       0x14 /usr/lib/gcc/msp430/4.6.3/mmpy-16/libcrt0.a(__init_stack.o)
 .debug_abbrev  0x000007d6       0x14 /usr/lib/gcc/msp430/4.6.3/mmpy-16/libcrt0.a(_copy_data.o)
 .debug_abbrev  0x000007ea       0x14 /usr/lib/gcc/msp430/4.6.3/mmpy-16/libcrt0.a(_clear_bss.o)
 .debug_abbrev  0x000007fe       0x14 /usr/lib/gcc/msp430/4.6.3/mmpy-16/libcrt0.a(_endless_loop__.o)
 .debug_abbrev  0x00000812       0x14 /usr/lib/gcc/msp430/4.6.3/mmpy-16/libcrt0.a(_unexpected_.o)

.debug_line     0x00000000      0xd0b
 *(.debug_line)
 .debug_line    0x00000000       0xa3 /usr/lib/gcc/msp430/4.6.3/mmpy-16/libgcc.a(_mulsi3.o)
 .debug_line    0x000000a3       0xab /usr/lib/gcc/msp430/4.6.3/mmpy-16/libgcc.a(_udivmod32.o)
 .debug_line    0x0000014e       0x75 /usr/lib/gcc/msp430/4.6.3/../../../../msp430/lib/mmpy-16/libc.a(strncmp.o)
 .debug_line    0x000001c3       0x73 /usr/lib/gcc/msp430/4.6.3/../../../../msp430/lib/mmpy-16/libc.a(memcmp.o)
 .debug_line    0x00000236       0xe9 /usr/lib/gcc/msp430/4.6.3/../../../../msp430/lib/mmpy-16/libc.a(memcpy.o)
 .debug_line    0x0000031f       0xc8 /usr/lib/gcc/msp430/4.6.3/../../../../msp430/lib/mmpy-16/libc.a(memset.o)
 .debug_line    0x000003e7       0x72 /usr/lib/gcc/msp430/4.6.3/../../../../msp430/lib/mmpy-16/libc.a(printf.o)
 .debug_line    0x00000459       0x9c /usr/lib/gcc/msp430/4.6.3/../../../../msp430/lib/mmpy-16/libc.a(sprintf.o)
 .debug_line    0x000004f5      0x2d2 /usr/lib/gcc/msp430/4.6.3/../../../../msp430/lib/mmpy-16/libc.a(vuprintf.o)
 .debug_line    0x000007c7       0x4d /usr/lib/gcc/msp430/4.6.3/../../../../msp430/lib/mmpy-16/libc.a(puts.o)
 .debug_line    0x00000814       0x4f /usr/lib/gcc/msp430/4.6.3/../../../../msp430/lib/mmpy-16/libc.a(rand.o)
 .debug_line    0x00000863       0x9c /usr/lib/gcc/msp430/4.6.3/mmpy-16/libgcc.a(_udivmod16.o)
 .debug_line    0x000008ff       0xf1 /usr/lib/gcc/msp430/4.6.3/mmpy-16/libgcc.a(_udivmod64.o)
 .debug_line    0x000009f0       0x84 /usr/lib/gcc/msp430/4.6.3/mmpy-16/libcrt0.a(__watchdog_support.o)
 .debug_line    0x00000a74       0x82 /usr/lib/gcc/msp430/4.6.3/mmpy-16/libcrt0.a(__init_stack.o)
 .debug_line    0x00000af6       0x88 /usr/lib/gcc/msp430/4.6.3/mmpy-16/libcrt0.a(_copy_data.o)
 .debug_line    0x00000b7e       0x88 /usr/lib/gcc/msp430/4.6.3/mmpy-16/libcrt0.a(_clear_bss.o)
 .debug_line    0x00000c06       0x83 /usr/lib/gcc/msp430/4.6.3/mmpy-16/libcrt0.a(_endless_loop__.o)
 .debug_line    0x00000c89       0x82 /usr/lib/gcc/msp430/4.6.3/mmpy-16/libcrt0.a(_unexpected_.o)

.debug_frame    0x00000000      0x254
 *(.debug_frame)
 .debug_frame   0x00000000       0x24 /usr/lib/gcc/msp430/4.6.3/../../../../msp430/lib/mmpy-16/libc.a(strncmp.o)
 .debug_frame   0x00000024       0x24 /usr/lib/gcc/msp430/4.6.3/../../../../msp430/lib/mmpy-16/libc.a(memcmp.o)
 .debug_frame   0x00000048       0x38 /usr/lib/gcc/msp430/4.6.3/../../../../msp430/lib/mmpy-16/libc.a(memcpy.o)
 .debug_frame   0x00000080       0x32 /usr/lib/gcc/msp430/4.6.3/../../../../msp430/lib/mmpy-16/libc.a(memset.o)
 .debug_frame   0x000000b2       0x2a /usr/lib/gcc/msp430/4.6.3/../../../../msp430/lib/mmpy-16/libc.a(printf.o)
 .debug_frame   0x000000dc       0x68 /usr/lib/gcc/msp430/4.6.3/../../../../msp430/lib/mmpy-16/libc.a(sprintf.o)
 .debug_frame   0x00000144       0xb0 /usr/lib/gcc/msp430/4.6.3/../../../../msp430/lib/mmpy-16/libc.a(vuprintf.o)
 .debug_frame   0x000001f4       0x24 /usr/lib/gcc/msp430/4.6.3/../../../../msp430/lib/mmpy-16/libc.a(puts.o)
 .debug_frame   0x00000218       0x3c /usr/lib/gcc/msp430/4.6.3/../../../../msp430/lib/mmpy-16/libc.a(rand.o)

.debug_str      0x00000000      0x441
 *(.debug_str)
 .debug_str     0x00000000       0xc4 /usr/lib/gcc/msp430/4.6.3/../../../../msp430/lib/mmpy-16/libc.a(strncmp.o)
                                 0xfd (size before relaxing)
 .debug_str     0x000000c4       0x19 /usr/lib/gcc/msp430/4.6.3/../../../../msp430/lib/mmpy-16/libc.a(memcmp.o)
                                 0xfb (size before relaxing)
 .debug_str     0x000000dd       0x34 /usr/lib/gcc/msp430/4.6.3/../../../../msp430/lib/mmpy-16/libc.a(memcpy.o)
                                0x116 (size before relaxing)
 .debug_str     0x00000111       0x26 /usr/lib/gcc/msp430/4.6.3/../../../../msp430/lib/mmpy-16/libc.a(memset.o)
                                0x114 (size before relaxing)
 .debug_str     0x00000137       0x40 /usr/lib/gcc/msp430/4.6.3/../../../../msp430/lib/mmpy-16/libc.a(printf.o)
                                0x12a (size before relaxing)
 .debug_str     0x00000177       0x6e /usr/lib/gcc/msp430/4.6.3/../../../../msp430/lib/mmpy-16/libc.a(sprintf.o)
                                0x18f (size before relaxing)
 .debug_str     0x000001e5      0x218 /usr/lib/gcc/msp430/4.6.3/../../../../msp430/lib/mmpy-16/libc.a(vuprintf.o)
                                0x375 (size before relaxing)
 .debug_str     0x000003fd       0x15 /usr/lib/gcc/msp430/4.6.3/../../../../msp430/lib/mmpy-16/libc.a(puts.o)
                                 0xf0 (size before relaxing)
 .debug_str     0x00000412       0x2f /usr/lib/gcc/msp430/4.6.3/../../../../msp430/lib/mmpy-16/libc.a(rand.o)
                                0x10f (size before relaxing)

.debug_loc      0x00000000      0xbde
 *(.debug_loc)
 .debug_loc     0x00000000       0x38 /usr/lib/gcc/msp430/4.6.3/../../../../msp430/lib/mmpy-16/libc.a(strncmp.o)
 .debug_loc     0x00000038       0x5e /usr/lib/gcc/msp430/4.6.3/../../../../msp430/lib/mmpy-16/libc.a(memcmp.o)
 .debug_loc     0x00000096      0x1e9 /usr/lib/gcc/msp430/4.6.3/../../../../msp430/lib/mmpy-16/libc.a(memcpy.o)
 .debug_loc     0x0000027f       0xdb /usr/lib/gcc/msp430/4.6.3/../../../../msp430/lib/mmpy-16/libc.a(memset.o)
 .debug_loc     0x0000035a       0x38 /usr/lib/gcc/msp430/4.6.3/../../../../msp430/lib/mmpy-16/libc.a(printf.o)
 .debug_loc     0x00000392       0xeb /usr/lib/gcc/msp430/4.6.3/../../../../msp430/lib/mmpy-16/libc.a(sprintf.o)
 .debug_loc     0x0000047d      0x70c /usr/lib/gcc/msp430/4.6.3/../../../../msp430/lib/mmpy-16/libc.a(vuprintf.o)
 .debug_loc     0x00000b89       0x26 /usr/lib/gcc/msp430/4.6.3/../../../../msp430/lib/mmpy-16/libc.a(puts.o)
 .debug_loc     0x00000baf       0x2f /usr/lib/gcc/msp430/4.6.3/../../../../msp430/lib/mmpy-16/libc.a(rand.o)

.debug_macinfo
 *(.debug_macinfo)

.debug_pubtypes
 *(.debug_pubtypes)

.debug_ranges   0x00000000       0x18
 *(.debug_ranges)
 .debug_ranges  0x00000000       0x18 /usr/lib/gcc/msp430/4.6.3/../../../../msp430/lib/mmpy-16/libc.a(vuprintf.o)
                0x00003900                PROVIDE (__stack, (ORIGIN (ram) + 0x2800))
                0x00009284                PROVIDE (__data_start_rom, _etext)
                0x000092f2                PROVIDE (__data_end_rom, (_etext + SIZEOF (.data)))
OUTPUT(example-broadcast.sky elf32-msp430)
